[andyhardy.co/index.html]
[backblue.gif]
[fade.gif]
[index.html]
[andyhardy.co/media/site/fd92a6660a-1613463754/andy-meta-image-860x540-q72.jpg]
[andyhardy.co/privacy-policy.html]
[andyhardy.co/assets/img/logo-andy.png]
[andyhardy.co/media/site/6ea6b50483-1613463754/andrew-footer-1600x1080.jpg]
[andyhardy.co/portfolio.html]
[andyhardy.co/motion.html]
[andyhardy.co/film-luts.html]
[andyhardy.co/assets/img/landscape_background_small.jpg]
[andyhardy.co/assets/img/landscape_andy.png]
[andyhardy.co/assets/img/landscape_mountain_small.png]
[andyhardy.co/media/pages/home/e415742651-1613463733/andy-bg-560x800.jpg]
[andyhardy.co/media/pages/home/6742511e44-1613463734/felan-bg-560x800.jpg]
[andyhardy.co/media/pages/home/fcdbb331ce-1613463734/education-bg-560x800.jpg]
[andyhardy.co/media/pages/home/6871d294a8-1613463735/presets-bg-560x800.jpg]
[andyhardy.co/media/pages/home/d9587b1b9c-1613463733/andy-about-bg-2160x1200.jpg]
[andyhardy.co/media/pages/home/c863ad0fa3-1613463734/derby-mountain-biking-tasmania-mtb-500x620.jpg]
[andyhardy.co/media/pages/home/d2e9535027-1613463733/aerial-macedon-drone-620x420.jpg]
[andyhardy.co/media/pages/home/c869ba7372-1613463734/canada-banff-exploring-mountain-620x420.jpg]
[andyhardy.co/media/pages/home/6976e8603b-1613463735/sarah-west-coast-usa-500x620.jpg]
[andyhardy.co/assets/img/sand-1.png]
[andyhardy.co/assets/img/sand-2.png]
[ajax.googleapis.com/ajax/libs/jquery/2.1.1/jquery.min.js]
[code.jquery.com/jquery-3.4.1.min.js]
[cdnjs.cloudflare.com/ajax/libs/masonry/4.2.1/masonry.pkgd.js]
[andyhardy.co/assets/js/navigation.js]
[andyhardy.co/assets/js/cookies.js]
[andyhardy.co/assets/js/observers.js]
[andyhardy.co/assets/js/parallax.js]
[andyhardy.co/assets/js/photoswipe.min.js]
[andyhardy.co/assets/js/photoswipe-ui-default.min.js]
[andyhardy.co/assets/js/photoswipe.js]
[andyhardy.co/index.html]
[andyhardy.co/assets/css/normalize.css]
[andyhardy.co/assets/css/navigation.css]
[andyhardy.co/assets/css/photoswipe.css]
[andyhardy.co/assets/css/preloader.27.delayed]
[andyhardy.co/assets/css/photoswipe-skin.css]
[andyhardy.co/assets/css/BeerSlider.css]
[andyhardy.co/assets/fonts/Silka/silka-regular-webfont.ttf]
[andyhardy.co/assets/fonts/Silka/silka-medium-webfont.ttf]
[andyhardy.co/assets/fonts/Silka/silka-semibold-webfont.ttf]
[andyhardy.co/assets/fonts/Silka_Mono/silkamono-regular-webfont.ttf]
[andyhardy.co/assets/fonts/Silka_Mono/silkamono-semibold-webfont.ttf]
[andyhardy.co/assets/css/style.css]
[andyhardy.co/privacy-policy.html]
[andyhardy.co/portfolio/tag_accommodation.html]
[andyhardy.co/portfolio/tag_adventure.html]
[andyhardy.co/portfolio/tag_people.html]
[andyhardy.co/media/pages/portfolio/78f2f24c07-1613463746/andy-hardy-people-portraits-photographer-australia-1-2160x2160.jpg]
[andyhardy.co/media/pages/portfolio/78f2f24c07-1613463746/andy-hardy-people-portraits-photographer-australia-1-400x400-q72.jpg]
[andyhardy.co/media/pages/portfolio/e628c14d87-1613463746/andy-hardy-people-portraits-photographer-australia-2-2160x2160.jpg]
[andyhardy.co/media/pages/portfolio/e628c14d87-1613463746/andy-hardy-people-portraits-photographer-australia-2-400x400-q72.jpg]
[andyhardy.co/media/pages/portfolio/d5b480ca70-1613463746/andy-hardy-people-portraits-photographer-australia-3-2160x2160.jpg]
[andyhardy.co/media/pages/portfolio/d5b480ca70-1613463746/andy-hardy-people-portraits-photographer-australia-3-400x400-q72.jpg]
[andyhardy.co/media/pages/portfolio/e15f2df4df-1613463747/andy-hardy-people-portraits-photographer-australia-10-2160x2160.jpg]
[andyhardy.co/media/pages/portfolio/e15f2df4df-1613463747/andy-hardy-people-portraits-photographer-australia-10-400x400-q72.jpg]
[andyhardy.co/media/pages/portfolio/0ee65cc047-1613463746/andy-hardy-people-portraits-photographer-australia-5-2160x2160.jpg]
[andyhardy.co/media/pages/portfolio/0ee65cc047-1613463746/andy-hardy-people-portraits-photographer-australia-5-400x400-q72.jpg]
[andyhardy.co/media/pages/portfolio/51ede97af6-1613463747/andy-hardy-people-portraits-photographer-australia-7-2160x2160.jpg]
[andyhardy.co/media/pages/portfolio/51ede97af6-1613463747/andy-hardy-people-portraits-photographer-australia-7-400x400-q72.jpg]
[andyhardy.co/media/pages/portfolio/8430a83143-1613463746/andy-hardy-people-portraits-photographer-australia-4-2160x2160.jpg]
[andyhardy.co/media/pages/portfolio/8430a83143-1613463746/andy-hardy-people-portraits-photographer-australia-4-400x400-q72.jpg]
[andyhardy.co/media/pages/portfolio/1c0dbfd527-1613463749/andy-hardy-people-portraits-photographer-australia-22-2160x2160.jpg]
[andyhardy.co/media/pages/portfolio/1c0dbfd527-1613463749/andy-hardy-people-portraits-photographer-australia-22-400x400-q72.jpg]
[andyhardy.co/media/pages/portfolio/b61013013d-1613463750/andy-hardy-people-portraits-photographer-australia-24-2160x2160.jpg]
[andyhardy.co/media/pages/portfolio/b61013013d-1613463750/andy-hardy-people-portraits-photographer-australia-24-400x400-q72.jpg]
[andyhardy.co/media/pages/portfolio/b5db4b6fcb-1613463749/andy-hardy-people-portraits-photographer-australia-23-2160x2160.jpg]
[andyhardy.co/media/pages/portfolio/b5db4b6fcb-1613463749/andy-hardy-people-portraits-photographer-australia-23-400x400-q72.jpg]
[andyhardy.co/media/pages/portfolio/8e9e1050c4-1613463754/felan-profile-film-2160x2160.jpg]
[andyhardy.co/media/pages/portfolio/8e9e1050c4-1613463754/felan-profile-film-400x400-q72.jpg]
[andyhardy.co/media/pages/portfolio/ff20e6347e-1613463735/andy-hardy-people-accomodation-photographer-filmmaker-australia-3-2160x2160.jpg]
[andyhardy.co/media/pages/portfolio/ff20e6347e-1613463735/andy-hardy-people-accomodation-photographer-filmmaker-australia-3-400x400-q72.jpg]
[andyhardy.co/media/pages/portfolio/9d1f9f5e75-1613463737/andy-hardy-people-accomodation-photographer-filmmaker-australia-15-2160x2160.jpg]
[andyhardy.co/media/pages/portfolio/9d1f9f5e75-1613463737/andy-hardy-people-accomodation-photographer-filmmaker-australia-15-400x400-q72.jpg]
[andyhardy.co/media/pages/portfolio/bc3fb63e5c-1613463736/andy-hardy-people-accomodation-photographer-filmmaker-australia-6-2160x2160.jpg]
[andyhardy.co/media/pages/portfolio/bc3fb63e5c-1613463736/andy-hardy-people-accomodation-photographer-filmmaker-australia-6-400x400-q72.jpg]
[andyhardy.co/media/pages/portfolio/bda27d94dd-1613463736/andy-hardy-people-accomodation-photographer-filmmaker-australia-4-2160x2160.jpg]
[andyhardy.co/media/pages/portfolio/bda27d94dd-1613463736/andy-hardy-people-accomodation-photographer-filmmaker-australia-4-400x400-q72.jpg]
[andyhardy.co/media/pages/portfolio/96b941fe0d-1613463735/andy-hardy-people-accomodation-photographer-filmmaker-australia-2-2160x2160.jpg]
[andyhardy.co/media/pages/portfolio/96b941fe0d-1613463735/andy-hardy-people-accomodation-photographer-filmmaker-australia-2-400x400-q72.jpg]
[andyhardy.co/media/pages/portfolio/1f1adc61b1-1613463736/andy-hardy-people-accomodation-photographer-filmmaker-australia-7-2160x2160.jpg]
[andyhardy.co/media/pages/portfolio/1f1adc61b1-1613463736/andy-hardy-people-accomodation-photographer-filmmaker-australia-7-400x400-q72.jpg]
[andyhardy.co/media/pages/portfolio/0fbd2a785b-1613463736/andy-hardy-people-accomodation-photographer-filmmaker-australia-9-2160x2160.jpg]
[andyhardy.co/media/pages/portfolio/0fbd2a785b-1613463736/andy-hardy-people-accomodation-photographer-filmmaker-australia-9-400x400-q72.jpg]
[andyhardy.co/media/pages/portfolio/d5094e33f9-1613463736/andy-hardy-people-accomodation-photographer-filmmaker-australia-8-2160x2160.jpg]
[andyhardy.co/media/pages/portfolio/d5094e33f9-1613463736/andy-hardy-people-accomodation-photographer-filmmaker-australia-8-400x400-q72.jpg]
[andyhardy.co/media/pages/portfolio/94bf1c09f6-1613463737/andy-hardy-people-accomodation-photographer-filmmaker-australia-10-2160x2160.jpg]
[andyhardy.co/media/pages/portfolio/94bf1c09f6-1613463737/andy-hardy-people-accomodation-photographer-filmmaker-australia-10-400x400-q72.jpg]
[andyhardy.co/media/pages/portfolio/7accdd9350-1613463737/andy-hardy-people-accomodation-photographer-filmmaker-australia-12-2160x2160.jpg]
[andyhardy.co/media/pages/portfolio/7accdd9350-1613463737/andy-hardy-people-accomodation-photographer-filmmaker-australia-12-400x400-q72.jpg]
[andyhardy.co/media/pages/portfolio/2698488738-1613463737/andy-hardy-people-accomodation-photographer-filmmaker-australia-11-2160x2160.jpg]
[andyhardy.co/media/pages/portfolio/2698488738-1613463737/andy-hardy-people-accomodation-photographer-filmmaker-australia-11-400x400-q72.jpg]
[andyhardy.co/media/pages/portfolio/b1e8851eec-1613463736/andy-hardy-people-accomodation-photographer-filmmaker-australia-5-2160x2160.jpg]
[andyhardy.co/media/pages/portfolio/b1e8851eec-1613463736/andy-hardy-people-accomodation-photographer-filmmaker-australia-5-400x400-q72.jpg]
[andyhardy.co/media/pages/portfolio/5fc474e829-1613463737/andy-hardy-people-accomodation-photographer-filmmaker-australia-13-2160x2160.jpg]
[andyhardy.co/media/pages/portfolio/5fc474e829-1613463737/andy-hardy-people-accomodation-photographer-filmmaker-australia-13-400x400-q72.jpg]
[andyhardy.co/media/pages/portfolio/8a05ff2f7c-1613463735/andy-hardy-people-accomodation-photographer-filmmaker-australia-1-2160x2160.jpg]
[andyhardy.co/media/pages/portfolio/8a05ff2f7c-1613463735/andy-hardy-people-accomodation-photographer-filmmaker-australia-1-400x400-q72.jpg]
[andyhardy.co/media/pages/portfolio/2a755d9043-1613463738/andy-hardy-people-accomodation-photographer-filmmaker-australia-17-2160x2160.jpg]
[andyhardy.co/media/pages/portfolio/2a755d9043-1613463738/andy-hardy-people-accomodation-photographer-filmmaker-australia-17-400x400-q72.jpg]
[andyhardy.co/media/pages/portfolio/d752473647-1613463737/andy-hardy-people-accomodation-photographer-filmmaker-australia-16-2160x2160.jpg]
[andyhardy.co/media/pages/portfolio/d752473647-1613463737/andy-hardy-people-accomodation-photographer-filmmaker-australia-16-400x400-q72.jpg]
[andyhardy.co/media/pages/portfolio/95db376d5a-1613463738/andy-hardy-people-accomodation-photographer-filmmaker-australia-18-2160x2160.jpg]
[andyhardy.co/media/pages/portfolio/95db376d5a-1613463738/andy-hardy-people-accomodation-photographer-filmmaker-australia-18-400x400-q72.jpg]
[andyhardy.co/media/pages/portfolio/7658eabf8e-1613463738/andy-hardy-people-accomodation-photographer-filmmaker-australia-19-2160x2160.jpg]
[andyhardy.co/media/pages/portfolio/7658eabf8e-1613463738/andy-hardy-people-accomodation-photographer-filmmaker-australia-19-400x400-q72.jpg]
[andyhardy.co/media/pages/portfolio/5222d36971-1613463738/andy-hardy-people-accomodation-photographer-filmmaker-australia-20-2160x2160.jpg]
[andyhardy.co/media/pages/portfolio/5222d36971-1613463738/andy-hardy-people-accomodation-photographer-filmmaker-australia-20-400x400-q72.jpg]
[andyhardy.co/media/pages/portfolio/f0ed94a32b-1613463739/andy-hardy-people-accomodation-photographer-filmmaker-australia-24-2160x2160.jpg]
[andyhardy.co/media/pages/portfolio/f0ed94a32b-1613463739/andy-hardy-people-accomodation-photographer-filmmaker-australia-24-400x400-q72.jpg]
[andyhardy.co/media/pages/portfolio/703ebbe0ad-1613463738/andy-hardy-people-accomodation-photographer-filmmaker-australia-21-2160x2160.jpg]
[andyhardy.co/media/pages/portfolio/703ebbe0ad-1613463738/andy-hardy-people-accomodation-photographer-filmmaker-australia-21-400x400-q72.jpg]
[andyhardy.co/media/pages/portfolio/554db9a247-1613463738/andy-hardy-people-accomodation-photographer-filmmaker-australia-22-2160x2160.jpg]
[andyhardy.co/media/pages/portfolio/554db9a247-1613463738/andy-hardy-people-accomodation-photographer-filmmaker-australia-22-400x400-q72.jpg]
[andyhardy.co/media/pages/portfolio/7f5361e857-1613463739/andy-hardy-people-accomodation-photographer-filmmaker-australia-26-2160x2160.jpg]
[andyhardy.co/media/pages/portfolio/7f5361e857-1613463739/andy-hardy-people-accomodation-photographer-filmmaker-australia-26-400x400-q72.jpg]
[andyhardy.co/media/pages/portfolio/675ca677ab-1613463739/andy-hardy-people-accomodation-photographer-filmmaker-australia-23-2160x2160.jpg]
[andyhardy.co/media/pages/portfolio/675ca677ab-1613463739/andy-hardy-people-accomodation-photographer-filmmaker-australia-23-400x400-q72.jpg]
[andyhardy.co/media/pages/portfolio/dea41f88ad-1613463739/andy-hardy-people-accomodation-photographer-filmmaker-australia-25-2160x2160.jpg]
[andyhardy.co/media/pages/portfolio/dea41f88ad-1613463739/andy-hardy-people-accomodation-photographer-filmmaker-australia-25-400x400-q72.jpg]
[andyhardy.co/media/pages/portfolio/ad45369801-1613463747/andy-hardy-people-portraits-photographer-australia-8-2160x2160.jpg]
[andyhardy.co/media/pages/portfolio/ad45369801-1613463747/andy-hardy-people-portraits-photographer-australia-8-400x400-q72.jpg]
[andyhardy.co/media/pages/portfolio/2e29c1d602-1613463747/andy-hardy-people-portraits-photographer-australia-11-2160x2160.jpg]
[andyhardy.co/media/pages/portfolio/2e29c1d602-1613463747/andy-hardy-people-portraits-photographer-australia-11-400x400-q72.jpg]
[andyhardy.co/media/pages/portfolio/7358551f9a-1613463747/andy-hardy-people-portraits-photographer-australia-12-2160x2160.jpg]
[andyhardy.co/media/pages/portfolio/7358551f9a-1613463747/andy-hardy-people-portraits-photographer-australia-12-400x400-q72.jpg]
[andyhardy.co/media/pages/portfolio/778542263d-1613463737/andy-hardy-people-accomodation-photographer-filmmaker-australia-14-2160x2160.jpg]
[andyhardy.co/media/pages/portfolio/778542263d-1613463737/andy-hardy-people-accomodation-photographer-filmmaker-australia-14-400x400-q72.jpg]
[andyhardy.co/media/pages/portfolio/06ca4bbfab-1613463748/andy-hardy-people-portraits-photographer-australia-13-2160x2160.jpg]
[andyhardy.co/media/pages/portfolio/06ca4bbfab-1613463748/andy-hardy-people-portraits-photographer-australia-13-400x400-q72.jpg]
[andyhardy.co/media/pages/portfolio/1ae1cc3bc4-1613463748/andy-hardy-people-portraits-photographer-australia-14-2160x2160.jpg]
[andyhardy.co/media/pages/portfolio/1ae1cc3bc4-1613463748/andy-hardy-people-portraits-photographer-australia-14-400x400-q72.jpg]
[andyhardy.co/media/pages/portfolio/96c5948415-1613463751/andy-hardy-people-portraits-photographer-australia-31-2160x2160.jpg]
[andyhardy.co/media/pages/portfolio/96c5948415-1613463751/andy-hardy-people-portraits-photographer-australia-31-400x400-q72.jpg]
[andyhardy.co/media/pages/portfolio/5dc54fe0fe-1613463748/andy-hardy-people-portraits-photographer-australia-15-2160x2160.jpg]
[andyhardy.co/media/pages/portfolio/5dc54fe0fe-1613463748/andy-hardy-people-portraits-photographer-australia-15-400x400-q72.jpg]
[andyhardy.co/media/pages/portfolio/5843f73ed3-1613463748/andy-hardy-people-portraits-photographer-australia-16-2160x2160.jpg]
[andyhardy.co/media/pages/portfolio/5843f73ed3-1613463748/andy-hardy-people-portraits-photographer-australia-16-400x400-q72.jpg]
[andyhardy.co/media/pages/portfolio/bbc35c5414-1613463749/andy-hardy-people-portraits-photographer-australia-18-2160x2160.jpg]
[andyhardy.co/media/pages/portfolio/bbc35c5414-1613463749/andy-hardy-people-portraits-photographer-australia-18-400x400-q72.jpg]
[andyhardy.co/media/pages/portfolio/222863e17a-1613463748/andy-hardy-people-portraits-photographer-australia-17-2160x2160.jpg]
[andyhardy.co/media/pages/portfolio/222863e17a-1613463748/andy-hardy-people-portraits-photographer-australia-17-400x400-q72.jpg]
[andyhardy.co/media/pages/portfolio/e4581c09c2-1613463749/andy-hardy-people-portraits-photographer-australia-19-2160x2160.jpg]
[andyhardy.co/media/pages/portfolio/e4581c09c2-1613463749/andy-hardy-people-portraits-photographer-australia-19-400x400-q72.jpg]
[andyhardy.co/media/pages/portfolio/4b481005b0-1613463750/andy-hardy-people-portraits-photographer-australia-25-2160x2160.jpg]
[andyhardy.co/media/pages/portfolio/4b481005b0-1613463750/andy-hardy-people-portraits-photographer-australia-25-400x400-q72.jpg]
[andyhardy.co/media/pages/portfolio/6df0c2e120-1613463750/andy-hardy-people-portraits-photographer-australia-26-2160x2160.jpg]
[andyhardy.co/media/pages/portfolio/6df0c2e120-1613463750/andy-hardy-people-portraits-photographer-australia-26-400x400-q72.jpg]
[andyhardy.co/media/pages/portfolio/585f130360-1613463750/andy-hardy-people-portraits-photographer-australia-27-2160x2160.jpg]
[andyhardy.co/media/pages/portfolio/585f130360-1613463750/andy-hardy-people-portraits-photographer-australia-27-400x400-q72.jpg]
[andyhardy.co/media/pages/portfolio/84db906b56-1613463750/andy-hardy-people-portraits-photographer-australia-28-2160x2160.jpg]
[andyhardy.co/media/pages/portfolio/84db906b56-1613463750/andy-hardy-people-portraits-photographer-australia-28-400x400-q72.jpg]
[andyhardy.co/media/pages/portfolio/49c86ba2e0-1613463750/andy-hardy-people-portraits-photographer-australia-29-2160x2160.jpg]
[andyhardy.co/media/pages/portfolio/49c86ba2e0-1613463750/andy-hardy-people-portraits-photographer-australia-29-400x400-q72.jpg]
[andyhardy.co/media/pages/portfolio/04c48d3ab2-1613463751/andy-hardy-people-portraits-photographer-australia-30-2160x2160.jpg]
[andyhardy.co/media/pages/portfolio/04c48d3ab2-1613463751/andy-hardy-people-portraits-photographer-australia-30-400x400-q72.jpg]
[andyhardy.co/media/pages/portfolio/c73e912626-1613463751/andy-hardy-people-portraits-photographer-australia-34-2160x2160.jpg]
[andyhardy.co/media/pages/portfolio/c73e912626-1613463751/andy-hardy-people-portraits-photographer-australia-34-400x400-q72.jpg]
[andyhardy.co/media/pages/portfolio/d3c0c48138-1613463752/andy-hardy-people-portraits-photographer-australia-36-2160x2160.jpg]
[andyhardy.co/media/pages/portfolio/d3c0c48138-1613463752/andy-hardy-people-portraits-photographer-australia-36-400x400-q72.jpg]
[andyhardy.co/media/pages/portfolio/1888e2d3de-1613463752/andy-hardy-people-portraits-photographer-australia-37-2160x2160.jpg]
[andyhardy.co/media/pages/portfolio/1888e2d3de-1613463752/andy-hardy-people-portraits-photographer-australia-37-400x400-q72.jpg]
[andyhardy.co/media/pages/portfolio/6d6f3744c8-1613463752/andy-hardy-people-portraits-photographer-australia-39-2160x2160.jpg]
[andyhardy.co/media/pages/portfolio/6d6f3744c8-1613463752/andy-hardy-people-portraits-photographer-australia-39-400x400-q72.jpg]
[andyhardy.co/media/pages/portfolio/ab202f7ce3-1613463753/andy-hardy-people-portraits-photographer-australia-40-2160x2160.jpg]
[andyhardy.co/media/pages/portfolio/ab202f7ce3-1613463753/andy-hardy-people-portraits-photographer-australia-40-400x400-q72.jpg]
[andyhardy.co/media/pages/portfolio/f17cd4fe4c-1613463754/andy-hardy-people-portraits-photographer-australia-46-2160x2160.jpg]
[andyhardy.co/media/pages/portfolio/f17cd4fe4c-1613463754/andy-hardy-people-portraits-photographer-australia-46-400x400-q72.jpg]
[andyhardy.co/media/pages/portfolio/71b94a75a1-1613463753/andy-hardy-people-portraits-photographer-australia-42-2160x2160.jpg]
[andyhardy.co/media/pages/portfolio/71b94a75a1-1613463753/andy-hardy-people-portraits-photographer-australia-42-400x400-q72.jpg]
[andyhardy.co/media/pages/portfolio/08aa18a529-1613463753/andy-hardy-people-portraits-photographer-australia-41-2160x2160.jpg]
[andyhardy.co/media/pages/portfolio/08aa18a529-1613463753/andy-hardy-people-portraits-photographer-australia-41-400x400-q72.jpg]
[andyhardy.co/media/pages/portfolio/ed0bd09ba9-1613463753/andy-hardy-people-portraits-photographer-australia-43-2160x2160.jpg]
[andyhardy.co/media/pages/portfolio/ed0bd09ba9-1613463753/andy-hardy-people-portraits-photographer-australia-43-400x400-q72.jpg]
[andyhardy.co/media/pages/portfolio/b6cfc839a6-1613463753/andy-hardy-people-portraits-photographer-australia-44-2160x2160.jpg]
[andyhardy.co/media/pages/portfolio/b6cfc839a6-1613463753/andy-hardy-people-portraits-photographer-australia-44-400x400-q72.jpg]
[andyhardy.co/media/pages/portfolio/d2cacb2401-1613463754/andy-hardy-people-portraits-photographer-australia-45-2160x2160.jpg]
[andyhardy.co/media/pages/portfolio/d2cacb2401-1613463754/andy-hardy-people-portraits-photographer-australia-45-400x400-q72.jpg]
[andyhardy.co/media/pages/portfolio/34f78318cc-1613463740/andy-hardy-people-adventure-photographer-filmmaker-australia-4-2160x2160.jpg]
[andyhardy.co/media/pages/portfolio/34f78318cc-1613463740/andy-hardy-people-adventure-photographer-filmmaker-australia-4-400x400-q72.jpg]
[andyhardy.co/media/pages/portfolio/6f15a61bff-1613463740/andy-hardy-people-adventure-photographer-filmmaker-australia-3-2160x2160.jpg]
[andyhardy.co/media/pages/portfolio/6f15a61bff-1613463740/andy-hardy-people-adventure-photographer-filmmaker-australia-3-400x400-q72.jpg]
[andyhardy.co/media/pages/portfolio/0de151183e-1613463739/andy-hardy-people-adventure-photographer-filmmaker-australia-1-2160x2160.jpg]
[andyhardy.co/media/pages/portfolio/0de151183e-1613463739/andy-hardy-people-adventure-photographer-filmmaker-australia-1-400x400-q72.jpg]
[andyhardy.co/media/pages/portfolio/46723b7248-1613463751/andy-hardy-people-portraits-photographer-australia-33-2160x2160.jpg]
[andyhardy.co/media/pages/portfolio/46723b7248-1613463751/andy-hardy-people-portraits-photographer-australia-33-400x400-q72.jpg]
[andyhardy.co/media/pages/portfolio/79524cec64-1613463740/andy-hardy-people-adventure-photographer-filmmaker-australia-6-2160x2160.jpg]
[andyhardy.co/media/pages/portfolio/79524cec64-1613463740/andy-hardy-people-adventure-photographer-filmmaker-australia-6-400x400-q72.jpg]
[andyhardy.co/media/pages/portfolio/dda72b99d8-1613463740/andy-hardy-people-adventure-photographer-filmmaker-australia-5-2160x2160.jpg]
[andyhardy.co/media/pages/portfolio/dda72b99d8-1613463740/andy-hardy-people-adventure-photographer-filmmaker-australia-5-400x400-q72.jpg]
[andyhardy.co/media/pages/portfolio/b7c686c5d3-1613463751/andy-hardy-people-portraits-photographer-australia-32-2160x2160.jpg]
[andyhardy.co/media/pages/portfolio/b7c686c5d3-1613463751/andy-hardy-people-portraits-photographer-australia-32-400x400-q72.jpg]
[andyhardy.co/media/pages/portfolio/024677fa91-1613463740/andy-hardy-people-adventure-photographer-filmmaker-australia-7-2160x2160.jpg]
[andyhardy.co/media/pages/portfolio/024677fa91-1613463740/andy-hardy-people-adventure-photographer-filmmaker-australia-7-400x400-q72.jpg]
[andyhardy.co/media/pages/portfolio/f3df6f9212-1613463740/andy-hardy-people-adventure-photographer-filmmaker-australia-9-2160x2160.jpg]
[andyhardy.co/media/pages/portfolio/f3df6f9212-1613463740/andy-hardy-people-adventure-photographer-filmmaker-australia-9-400x400-q72.jpg]
[andyhardy.co/media/pages/portfolio/6a261091d5-1613463740/andy-hardy-people-adventure-photographer-filmmaker-australia-8-2160x2160.jpg]
[andyhardy.co/media/pages/portfolio/6a261091d5-1613463740/andy-hardy-people-adventure-photographer-filmmaker-australia-8-400x400-q72.jpg]
[andyhardy.co/media/pages/portfolio/19da96e17a-1613463741/andy-hardy-people-adventure-photographer-filmmaker-australia-12-2160x2160.jpg]
[andyhardy.co/media/pages/portfolio/19da96e17a-1613463741/andy-hardy-people-adventure-photographer-filmmaker-australia-12-400x400-q72.jpg]
[andyhardy.co/media/pages/portfolio/46ccf5208e-1613463741/andy-hardy-people-adventure-photographer-filmmaker-australia-11-2160x2160.jpg]
[andyhardy.co/media/pages/portfolio/46ccf5208e-1613463741/andy-hardy-people-adventure-photographer-filmmaker-australia-11-400x400-q72.jpg]
[andyhardy.co/media/pages/portfolio/12a69083d9-1613463741/andy-hardy-people-adventure-photographer-filmmaker-australia-10-2160x2160.jpg]
[andyhardy.co/media/pages/portfolio/12a69083d9-1613463741/andy-hardy-people-adventure-photographer-filmmaker-australia-10-400x400-q72.jpg]
[andyhardy.co/media/pages/portfolio/e0cbec4d74-1613463741/andy-hardy-people-adventure-photographer-filmmaker-australia-14-2160x2160.jpg]
[andyhardy.co/media/pages/portfolio/e0cbec4d74-1613463741/andy-hardy-people-adventure-photographer-filmmaker-australia-14-400x400-q72.jpg]
[andyhardy.co/media/pages/portfolio/0aa39a626e-1613463741/andy-hardy-people-adventure-photographer-filmmaker-australia-13-2160x2160.jpg]
[andyhardy.co/media/pages/portfolio/0aa39a626e-1613463741/andy-hardy-people-adventure-photographer-filmmaker-australia-13-400x400-q72.jpg]
[andyhardy.co/media/pages/portfolio/eef994a57e-1613463742/andy-hardy-people-adventure-photographer-filmmaker-australia-17-2160x2160.jpg]
[andyhardy.co/media/pages/portfolio/eef994a57e-1613463742/andy-hardy-people-adventure-photographer-filmmaker-australia-17-400x400-q72.jpg]
[andyhardy.co/media/pages/portfolio/41ca3f65c5-1613463742/andy-hardy-people-adventure-photographer-filmmaker-australia-16-2160x2160.jpg]
[andyhardy.co/media/pages/portfolio/41ca3f65c5-1613463742/andy-hardy-people-adventure-photographer-filmmaker-australia-16-400x400-q72.jpg]
[andyhardy.co/media/pages/portfolio/b143210268-1613463741/andy-hardy-people-adventure-photographer-filmmaker-australia-15-2160x2160.jpg]
[andyhardy.co/media/pages/portfolio/b143210268-1613463741/andy-hardy-people-adventure-photographer-filmmaker-australia-15-400x400-q72.jpg]
[andyhardy.co/media/pages/portfolio/5c7a8a192f-1613463742/andy-hardy-people-adventure-photographer-filmmaker-australia-18-2160x2160.jpg]
[andyhardy.co/media/pages/portfolio/5c7a8a192f-1613463742/andy-hardy-people-adventure-photographer-filmmaker-australia-18-400x400-q72.jpg]
[andyhardy.co/media/pages/portfolio/7ea92b3124-1613463742/andy-hardy-people-adventure-photographer-filmmaker-australia-20-2160x2160.jpg]
[andyhardy.co/media/pages/portfolio/7ea92b3124-1613463742/andy-hardy-people-adventure-photographer-filmmaker-australia-20-400x400-q72.jpg]
[andyhardy.co/media/pages/portfolio/aa858de62f-1613463742/andy-hardy-people-adventure-photographer-filmmaker-australia-19-2160x2160.jpg]
[andyhardy.co/media/pages/portfolio/aa858de62f-1613463742/andy-hardy-people-adventure-photographer-filmmaker-australia-19-400x400-q72.jpg]
[andyhardy.co/media/pages/portfolio/f673378333-1613463742/andy-hardy-people-adventure-photographer-filmmaker-australia-21-2160x2160.jpg]
[andyhardy.co/media/pages/portfolio/f673378333-1613463742/andy-hardy-people-adventure-photographer-filmmaker-australia-21-400x400-q72.jpg]
[andyhardy.co/media/pages/portfolio/0ac89c7fad-1613463743/andy-hardy-people-adventure-photographer-filmmaker-australia-22-2160x2160.jpg]
[andyhardy.co/media/pages/portfolio/0ac89c7fad-1613463743/andy-hardy-people-adventure-photographer-filmmaker-australia-22-400x400-q72.jpg]
[andyhardy.co/media/pages/portfolio/a2f7774140-1613463743/andy-hardy-people-adventure-photographer-filmmaker-australia-25-2160x2160.jpg]
[andyhardy.co/media/pages/portfolio/a2f7774140-1613463743/andy-hardy-people-adventure-photographer-filmmaker-australia-25-400x400-q72.jpg]
[andyhardy.co/media/pages/portfolio/6c012ddb1a-1613463743/andy-hardy-people-adventure-photographer-filmmaker-australia-23-2160x2160.jpg]
[andyhardy.co/media/pages/portfolio/6c012ddb1a-1613463743/andy-hardy-people-adventure-photographer-filmmaker-australia-23-400x400-q72.jpg]
[andyhardy.co/media/pages/portfolio/ed9f73aff7-1613463743/andy-hardy-people-adventure-photographer-filmmaker-australia-26-2160x2160.jpg]
[andyhardy.co/media/pages/portfolio/ed9f73aff7-1613463743/andy-hardy-people-adventure-photographer-filmmaker-australia-26-400x400-q72.jpg]
[andyhardy.co/media/pages/portfolio/88884dd692-1613463743/andy-hardy-people-adventure-photographer-filmmaker-australia-24-2160x2160.jpg]
[andyhardy.co/media/pages/portfolio/88884dd692-1613463743/andy-hardy-people-adventure-photographer-filmmaker-australia-24-400x400-q72.jpg]
[andyhardy.co/media/pages/portfolio/39da99cad7-1613463744/andy-hardy-people-adventure-photographer-filmmaker-australia-28-2160x2160.jpg]
[andyhardy.co/media/pages/portfolio/39da99cad7-1613463744/andy-hardy-people-adventure-photographer-filmmaker-australia-28-400x400-q72.jpg]
[andyhardy.co/media/pages/portfolio/8396fdb6cb-1613463743/andy-hardy-people-adventure-photographer-filmmaker-australia-27-2160x2160.jpg]
[andyhardy.co/media/pages/portfolio/8396fdb6cb-1613463743/andy-hardy-people-adventure-photographer-filmmaker-australia-27-400x400-q72.jpg]
[andyhardy.co/media/pages/portfolio/8a70efe6e3-1613463744/andy-hardy-people-adventure-photographer-filmmaker-australia-29-2160x2160.jpg]
[andyhardy.co/media/pages/portfolio/8a70efe6e3-1613463744/andy-hardy-people-adventure-photographer-filmmaker-australia-29-400x400-q72.jpg]
[andyhardy.co/media/pages/portfolio/10fcfeb1cd-1613463744/andy-hardy-people-adventure-photographer-filmmaker-australia-31-2160x2160.jpg]
[andyhardy.co/media/pages/portfolio/10fcfeb1cd-1613463744/andy-hardy-people-adventure-photographer-filmmaker-australia-31-400x400-q72.jpg]
[andyhardy.co/media/pages/portfolio/26d5ebdaec-1613463744/andy-hardy-people-adventure-photographer-filmmaker-australia-30-2160x2160.jpg]
[andyhardy.co/media/pages/portfolio/26d5ebdaec-1613463744/andy-hardy-people-adventure-photographer-filmmaker-australia-30-400x400-q72.jpg]
[andyhardy.co/media/pages/portfolio/ba61f69e43-1613463744/andy-hardy-people-adventure-photographer-filmmaker-australia-32-2160x2160.jpg]
[andyhardy.co/media/pages/portfolio/ba61f69e43-1613463744/andy-hardy-people-adventure-photographer-filmmaker-australia-32-400x400-q72.jpg]
[andyhardy.co/media/pages/portfolio/5622bd4240-1613463745/andy-hardy-people-adventure-photographer-filmmaker-australia-34-2160x2160.jpg]
[andyhardy.co/media/pages/portfolio/5622bd4240-1613463745/andy-hardy-people-adventure-photographer-filmmaker-australia-34-400x400-q72.jpg]
[andyhardy.co/media/pages/portfolio/9c4bdc8c41-1613463744/andy-hardy-people-adventure-photographer-filmmaker-australia-33-2160x2160.jpg]
[andyhardy.co/media/pages/portfolio/9c4bdc8c41-1613463744/andy-hardy-people-adventure-photographer-filmmaker-australia-33-400x400-q72.jpg]
[andyhardy.co/media/pages/portfolio/f866e054d3-1613463745/andy-hardy-people-adventure-photographer-filmmaker-australia-35-2160x2160.jpg]
[andyhardy.co/media/pages/portfolio/f866e054d3-1613463745/andy-hardy-people-adventure-photographer-filmmaker-australia-35-400x400-q72.jpg]
[andyhardy.co/media/pages/portfolio/6dc03c91b0-1613463745/andy-hardy-people-adventure-photographer-filmmaker-australia-36-2160x2160.jpg]
[andyhardy.co/media/pages/portfolio/6dc03c91b0-1613463745/andy-hardy-people-adventure-photographer-filmmaker-australia-36-400x400-q72.jpg]
[andyhardy.co/media/pages/portfolio/82e96ccc4e-1613463745/andy-hardy-people-adventure-photographer-filmmaker-australia-38-2160x2160.jpg]
[andyhardy.co/media/pages/portfolio/82e96ccc4e-1613463745/andy-hardy-people-adventure-photographer-filmmaker-australia-38-400x400-q72.jpg]
[andyhardy.co/media/pages/portfolio/0432ca3a41-1613463746/andy-hardy-people-adventure-photographer-filmmaker-australia-39-2160x2160.jpg]
[andyhardy.co/media/pages/portfolio/0432ca3a41-1613463746/andy-hardy-people-adventure-photographer-filmmaker-australia-39-400x400-q72.jpg]
[andyhardy.co/portfolio.html]
[andyhardy.co/motion.html]
[player.vimeo.com/api/player.js]
[sellfy.com/js/api_buttons.js]
[andyhardy.co/media/pages/film-luts/971755fc49-1613463755/felan-3-hulk-after-960x540.jpg]
[andyhardy.co/media/pages/film-luts/8abba22a2b-1613463755/felan-3-hulk-before-960x540.jpg]
[andyhardy.co/media/pages/film-luts/fdffcfee5f-1613463756/felan-5-storms-coming-after-960x540.jpg]
[andyhardy.co/media/pages/film-luts/14bcde2247-1613463756/felan-5-storms-coming-before-960x540.jpg]
[andyhardy.co/assets/js/BeerSlider.js]
[andyhardy.co/film-luts.html]
[andyhardy.co/assets/img/arrow-left-white.svg]
[andyhardy.co/assets/img/arrow-right-white.svg]
[andyhardy.co/assets/css/preloader.html]
[andyhardy.co/portfolio/privacy-policy.107.delayed]
[andyhardy.co/portfolio/tag_accommodation.html]
[andyhardy.co/portfolio/tag_adventure.html]
[andyhardy.co/portfolio/tag_people.html]
[andyhardy.co/portfolio/privacy-policy.html]
