[backblue.gif]
[fade.gif]
[index.html]
[kenwheeler.github.io/slick/slick/slick.css]
[kenwheeler.github.io/slick/slick/slick-theme.css]
[kenwheeler.github.io/slick/img/slick.gif]
[cdnjs.cloudflare.com/ajax/libs/modernizr/2.7.1/modernizr.min.js]
[www.google-analytics.com/analytics.js]
[cdn.carbonads.com/carbon7bb3.js]
[kenwheeler.github.io/slick/img/lazyfonz1.png]
[kenwheeler.github.io/slick/img/lazyfonz2.png]
[kenwheeler.github.io/slick/img/lazyfonz3.png]
[kenwheeler.github.io/slick/img/lazyfonz4.png]
[kenwheeler.github.io/slick/img/lazyfonz5.png]
[kenwheeler.github.io/slick/img/lazyfonz6.png]
[kenwheeler.github.io/slick/img/fonz1.png]
[kenwheeler.github.io/slick/img/fonz2.png]
[kenwheeler.github.io/slick/img/fonz3.png]
[code.jquery.com/jquery-migrate-1.2.1.min.js]
[code.jquery.com/jquery-1.11.0.min.js]
[kenwheeler.github.io/slick/slick/slick.js]
[kenwheeler.github.io/slick/js/scripts.js]
[kenwheeler.github.io/slick/index.html]
[kenwheeler.github.io/slick/slick/slick.css]
[kenwheeler.github.io/slick/slick/ajax-loader.gif]
[kenwheeler.github.io/slick/slick/fonts/slick.eot]
[kenwheeler.github.io/slick/slick/fonts/slickd41d.eot]
[kenwheeler.github.io/slick/slick/fonts/slick.woff]
[kenwheeler.github.io/slick/slick/fonts/slick.ttf]
[kenwheeler.github.io/slick/slick/fonts/slick.svg]
[kenwheeler.github.io/slick/slick/slick-theme.css]
[kenwheeler.github.io/slick/img/lazyfonz1.png]
[kenwheeler.github.io/slick/img/lazyfonz4.png]
[kenwheeler.github.io/slick/img/lazyfonz5.png]
[kenwheeler.github.io/slick/img/fonz2.png]
[kenwheeler.github.io/slick/js/native.js]
[kenwheeler.github.io/slick/css/prism.css]
[kenwheeler.github.io/slick/slick/fonts/slick.svg]
[kenwheeler.github.io/slick/css/style.css]
[kenwheeler.github.io/slick/js/prism.js]
[kenwheeler.github.io/slick/css/pacifico.woff]
[kenwheeler.github.io/slick/css/style.css]
[kenwheeler.github.io/slick/css/prism.css]
[kenwheeler.github.io/slick/css/pacifico.woff]
[kenwheeler.github.io/slick/css/pacifico.eot]
[kenwheeler.github.io/slick/css/pacifico.ttf]
[kenwheeler.github.io/slick/css/pacificod41d.eot]
[kenwheeler.github.io/slick/css/pacifico.svg]
[kenwheeler.github.io/slick/css/pacifico.svg]
