[vadimtyurin.com/index.html]
[backblue.gif]
[fade.gif]
[index.html]
[static.tildacdn.com/tild6265-6266-4661-a432-616566393732/-/resize/504x/logo.png]
[static.tildacdn.com/tild3962-3761-4332-a262-356535373438/fav_152.png]
[static.tildacdn.com/tild6532-3533-4336-b833-343536316463/fav_270.png]
[static.tildacdn.com/css/tilda-grid-3.0.min.css]
[ws.tildacdn.com/project1223412/tilda-blocks-2.1206fd.css]
[static.tildacdn.com/css/tilda-animation-1.0.min.css]
[static.tildacdn.com/css/tilda-slds-1.4.min.css]
[static.tildacdn.com/css/tilda-zoom-2.0.min.css]
[static.tildacdn.com/js/jquery-1.10.2.min.js]
[static.tildacdn.com/js/tilda-scripts-2.8.min.js]
[ws.tildacdn.com/project1223412/tilda-blocks-2.706fd.js]
[static.tildacdn.com/js/lazyload-1.3.min.js]
[static.tildacdn.com/js/tilda-animation-1.0.min.js]
[static.tildacdn.com/js/tilda-slds-1.4.min.js]
[static.tildacdn.com/js/hammer.min.js]
[static.tildacdn.com/js/tilda-zoom-2.0.min.js]
[static.tildacdn.com/js/tilda-animation-ext-1.0.min.js]
[static.tildacdn.com/js/tilda-animation-sbs-1.0.min.js]
[cdnjs.cloudflare.com/ajax/libs/gsap/latest/TweenMax.min.js]
[cdnjs.cloudflare.com/ajax/libs/gsap/latest/plugins/ScrollToPlugin.min.js]
[cdnjs.cloudflare.com/ajax/libs/three.js/r83/three.js]
[cdn.rawgit.com/robin-dela/hover-effect/master/js/hover.min.15.delayed]
[static.tildacdn.com/tild6265-6266-4661-a432-616566393732/logo.png]
[vadimtyurin.com/art-app.html]
[vadimtyurin.com/hyundai-i30.html]
[vadimtyurin.com/societe-generale.html]
[vadimtyurin.com/metro.html]
[vadimtyurin.com/unixbank.html]
[static.tildacdn.com/tild3162-3161-4639-b066-303066356664/-/resize/20x/mob_1.jpg]
[static.tildacdn.com/tild6366-6335-4630-a134-376562366330/-/resize/20x/mob_2.jpg]
[static.tildacdn.com/tild3030-3237-4937-a666-303633336161/-/resize/20x/mob_3.jpg]
[static.tildacdn.com/tild6235-6564-4139-b231-613762396531/-/resize/20x/mob_4-min.jpg]
[static.tildacdn.com/tild3735-6166-4436-b136-316535396237/-/resize/20x/mob_5-min.jpg]
[static.tildacdn.com/tild6461-6361-4335-a664-363338316162/-/resize/20x/bgr.png]
[vadimtyurin.com/archive.html]
[vadimtyurin.com/about.html]
[cdnjs.cloudflare.com/ajax/libs/three.js/96/three.min.js]
[cdnjs.cloudflare.com/ajax/libs/gsap/2.0.2/TweenMax.min.js]
[vadimtyurin.com/index.html]
[static.tildacdn.com/css/tilda-grid-3.0.min.css]
[static.tildacdn.com/img/b-share_counter_large_white.png]
[ws.tildacdn.com/project1223412/tilda-blocks-2.1206fd.css]
[static.tildacdn.com/css/tilda-animation-1.0.min.css]
[static.tildacdn.com/css/tilda-slds-1.4.min.css]
[static.tildacdn.com/css/tilda-zoom-2.0.min.css]
[cdn.rawgit.com/robin-dela/hover-effect/master/js/hover.min.js]
[stat.tildacdn.com/js/tildastat-0.2.min.js]
[ws.tildacdn.com/project1223412/tilda-blocks-2.12eea3.css]
[vadimtyurin.com/art-app.html]
[vadimtyurin.com/hyundai-i30.html]
[ws.tildacdn.com/project1223412/tilda-blocks-2.7eea3.js]
[ws.tildacdn.com/project1223412/tilda-blocks-2.12a46f.css]
[vadimtyurin.com/societe-generale.html]
[vadimtyurin.com/metro.html]
[vadimtyurin.com/unixbank.html]
[vadimtyurin.com/archive.html]
[vadimtyurin.com/about.html]
[ws.tildacdn.com/project1223412/tilda-blocks-2.12eea3.css]
[ws.tildacdn.com/project1223412/tilda-blocks-2.12a46f.css]
[ws.tildacdn.com/project1223412/tilda-blocks-2.7a46f.js]
